
> lingbuilder-electron@0.7.4 build
> vite build && node scripts/verify-local-monaco-build.cjs && npm run build:server && npm run build:cli && npm run build:extension-host && npm run build:electron

[36mvite v6.4.3 [32mbuilding for production...[36m[39m
transforming...
[33m[plugin vite:resolve] Module "node:fs/promises" has been externalized for browser compatibility, imported by "T:/electron/lingbuilder/electron/src/services/configuration/storageAdapters.ts". See https://vite.dev/guide/troubleshooting.html#module-externalized-for-browser-compatibility for more details.[39m
[33m[plugin vite:resolve] Module "node:path" has been externalized for browser compatibility, imported by "T:/electron/lingbuilder/electron/src/services/configuration/storageAdapters.ts". See https://vite.dev/guide/troubleshooting.html#module-externalized-for-browser-compatibility for more details.[39m
[33m[plugin vite:resolve] Module "node:path" has been externalized for browser compatibility, imported by "T:/electron/lingbuilder/electron/src/services/configuration/workbenchConfiguration.ts". See https://vite.dev/guide/troubleshooting.html#module-externalized-for-browser-compatibility for more details.[39m
[33m[plugin vite:resolve] Module "node:crypto" has been externalized for browser compatibility, imported by "T:/electron/lingbuilder/electron/src/services/ai/aiConversationService.ts". See https://vite.dev/guide/troubleshooting.html#module-externalized-for-browser-compatibility for more details.[39m
[33m[plugin vite:resolve] Module "node:fs/promises" has been externalized for browser compatibility, imported by "T:/electron/lingbuilder/electron/src/services/ai/aiConversationService.ts". See https://vite.dev/guide/troubleshooting.html#module-externalized-for-browser-compatibility for more details.[39m
[33m[plugin vite:resolve] Module "node:path" has been externalized for browser compatibility, imported by "T:/electron/lingbuilder/electron/src/services/ai/aiConversationService.ts". See https://vite.dev/guide/troubleshooting.html#module-externalized-for-browser-compatibility for more details.[39m
[33m[plugin vite:resolve] Module "node:path" has been externalized for browser compatibility, imported by "T:/electron/lingbuilder/electron/src/services/modules/modulePackageIntakeService.ts". See https://vite.dev/guide/troubleshooting.html#module-externalized-for-browser-compatibility for more details.[39m
[32m✓[39m 3263 modules transformed.
rendering chunks...
computing gzip size...
[2mdist/[22m[32mindex.html                                   [39m[1m[2m    0.45 kB[22m[1m[22m[2m │ gzip:     0.34 kB[22m
[2mdist/[22m[32massets/赞助二维码-_a97boJB.png                    [39m[1m[2m   93.88 kB[22m[1m[22m
[2mdist/[22m[32massets/codicon-ngg6Pgfi.ttf                  [39m[1m[2m  121.97 kB[22m[1m[22m
[2mdist/[22m[32massets/lingbuilder-ide-icon-v2-Ayjz_cwV.png  [39m[1m[2m  222.72 kB[22m[1m[22m
[2mdist/[22m[32massets/lingbuilder-ide-icon-v1-D-4GeC4s.png  [39m[1m[2m  226.47 kB[22m[1m[22m
[2mdist/[22m[32massets/editor.worker-DyuDvpVp.js             [39m[1m[2m  253.02 kB[22m[1m[22m
[2mdist/[22m[35massets/index-BrvNdFCO.css                    [39m[1m[2m  358.39 kB[22m[1m[22m[2m │ gzip:    54.80 kB[22m
[2mdist/[22m[36massets/ini-Kd9XrMLS.js                       [39m[1m[2m    0.96 kB[22m[1m[22m[2m │ gzip:     0.50 kB[22m
[2mdist/[22m[36massets/cpp-BbWJElDN.js                       [39m[1m[2m    5.16 kB[22m[1m[22m[2m │ gzip:     2.06 kB[22m
[2mdist/[22m[36massets/ModuleDocumentPreview-B47pHeaN.js     [39m[1m[2m    6.88 kB[22m[1m[22m[2m │ gzip:     2.76 kB[22m
[2mdist/[22m[36massets/index-CNebC-lF.js                     [39m[1m[33m9,935.52 kB[39m[22m[2m │ gzip: 2,306.60 kB[22m
[33m
(!) Some chunks are larger than 500 kB after minification. Consider:
- Using dynamic import() to code-split the application
- Use build.rollupOptions.output.manualChunks to improve chunking: https://rollupjs.org/configuration-options/#output-manualchunks
- Adjust chunk size limit for this warning via build.chunkSizeWarningLimit.[39m
[32m✓ built in 8.57s[39m
Monaco 中文 NLS 校验通过：monaco-editor@0.55.1（vscode 86f5a62f058e），数据表 2051 条，覆盖 2044 个已使用索引。Monaco 本地构建校验通过：3 类资源均已随安装包输出。

> lingbuilder-electron@0.7.4 build:server
> esbuild server.ts --bundle --platform=node --format=cjs --packages=external --sourcemap --outfile=dist/server.cjs


  dist\server.cjs       9.9mb
  dist\server.cjs.map  14.1mb

Done in 116ms

> lingbuilder-electron@0.7.4 build:cli
> esbuild src/cli.ts --bundle --platform=node --format=cjs --packages=external --sourcemap --outfile=dist/cli.cjs


  dist\cli.cjs       9.4mb
  dist\cli.cjs.map  13.1mb

Done in 104ms

> lingbuilder-electron@0.7.4 build:extension-host
> esbuild src/services/extensions/extensionHostProcess.ts --bundle --platform=node --format=cjs --sourcemap --outfile=dist/extension-host.cjs


  dist\extension-host.cjs      5.9kb
  dist\extension-host.cjs.map  8.3kb

Done in 3ms

> lingbuilder-electron@0.7.4 build:electron
> tsc -p electron/tsconfig.json --noEmit && esbuild electron/main.ts electron/preload.ts --bundle --platform=node --format=cjs --packages=external --external:electron --sourcemap --outdir=dist-electron --out-extension:.js=.cjs


  dist-electron\main.cjs         234.2kb
  dist-electron\preload.cjs       10.0kb
  dist-electron\main.cjs.map     397.9kb
  dist-electron\preload.cjs.map   15.2kb

Done in 13ms
